[wrappixel.com/ampleadmin/ampleadmin-html/ampleadmin-minimal/index.html]
[wrappixel.com/ampleadmin/ampleadmin-html/plugins/images/favicon.png]
[backblue.gif]
[fade.gif]
[index.html]
[wrappixel.com/ampleadmin/ampleadmin-html/plugins/bower_components/sidebar-nav/dist/sidebar-nav.min.css]
[wrappixel.com/ampleadmin/ampleadmin-html/plugins/bower_components/toast-master/css/jquery.toast.css]
[wrappixel.com/ampleadmin/ampleadmin-html/plugins/bower_components/morrisjs/morris.css]
[wrappixel.com/ampleadmin/ampleadmin-html/plugins/bower_components/chartist-js/dist/chartist.min.css]
[wrappixel.com/ampleadmin/ampleadmin-html/plugins/bower_components/chartist-plugin-tooltip-master/dist/chartist-plugin-tooltip.css]
[wrappixel.com/ampleadmin/ampleadmin-html/plugins/bower_components/calendar/dist/fullcalendar.css]
[wrappixel.com/ampleadmin/ampleadmin-html/ampleadmin-minimal/css/animate.css]
[wrappixel.com/ampleadmin/ampleadmin-html/ampleadmin-minimal/css/style.css]
[wrappixel.com/ampleadmin/ampleadmin-html/ampleadmin-minimal/css/colors/default.css]
[wrappixel.com/ampleadmin/ampleadmin-html/plugins/images/admin-logo.png]
[wrappixel.com/ampleadmin/ampleadmin-html/plugins/images/admin-logo-dark.png]
[wrappixel.com/ampleadmin/ampleadmin-html/plugins/images/admin-text.png]
[wrappixel.com/ampleadmin/ampleadmin-html/plugins/images/admin-text-dark.png]
[wrappixel.com/ampleadmin/ampleadmin-html/plugins/images/users/pawandeep.jpg]
[wrappixel.com/ampleadmin/ampleadmin-html/plugins/images/users/sonu.jpg]
[wrappixel.com/ampleadmin/ampleadmin-html/plugins/images/users/arijit.jpg]
[wrappixel.com/ampleadmin/ampleadmin-html/ampleadmin-minimal/form-basic.html]
[wrappixel.com/ampleadmin/ampleadmin-html/ampleadmin-minimal/form-layout.html]
[wrappixel.com/ampleadmin/ampleadmin-html/ampleadmin-minimal/form-advanced.html]
[wrappixel.com/ampleadmin/ampleadmin-html/ampleadmin-minimal/form-material-elements.html]
[wrappixel.com/ampleadmin/ampleadmin-html/ampleadmin-minimal/form-float-input.html]
[wrappixel.com/ampleadmin/ampleadmin-html/ampleadmin-minimal/form-upload.html]
[wrappixel.com/ampleadmin/ampleadmin-html/ampleadmin-minimal/form-mask.html]
[wrappixel.com/ampleadmin/ampleadmin-html/ampleadmin-minimal/form-img-cropper.html]
[wrappixel.com/ampleadmin/ampleadmin-html/ampleadmin-minimal/form-validation.html]
[wrappixel.com/ampleadmin/ampleadmin-html/ampleadmin-minimal/form-dropzone.html]
[wrappixel.com/ampleadmin/ampleadmin-html/ampleadmin-minimal/form-pickers.html]
[wrappixel.com/ampleadmin/ampleadmin-html/ampleadmin-minimal/form-wizard.html]
[wrappixel.com/ampleadmin/ampleadmin-html/ampleadmin-minimal/form-typehead.html]
[wrappixel.com/ampleadmin/ampleadmin-html/ampleadmin-minimal/form-xeditable.html]
[wrappixel.com/ampleadmin/ampleadmin-html/ampleadmin-minimal/form-summernote.html]
[wrappixel.com/ampleadmin/ampleadmin-html/ampleadmin-minimal/form-bootstrap-wysihtml5.html]
[wrappixel.com/ampleadmin/ampleadmin-html/ampleadmin-minimal/form-tinymce-wysihtml5.html]
[wrappixel.com/ampleadmin/ampleadmin-html/ampleadmin-minimal/basic-table.html]
[wrappixel.com/ampleadmin/ampleadmin-html/ampleadmin-minimal/table-layouts.html]
[wrappixel.com/ampleadmin/ampleadmin-html/ampleadmin-minimal/data-table.html]
[wrappixel.com/ampleadmin/ampleadmin-html/ampleadmin-minimal/bootstrap-tables.html]
[wrappixel.com/ampleadmin/ampleadmin-html/ampleadmin-minimal/responsive-tables.html]
[wrappixel.com/ampleadmin/ampleadmin-html/ampleadmin-minimal/editable-tables.html]
[wrappixel.com/ampleadmin/ampleadmin-html/ampleadmin-minimal/foo-tables.html]
[wrappixel.com/ampleadmin/ampleadmin-html/ampleadmin-minimal/jsgrid.html]
[wrappixel.com/ampleadmin/ampleadmin-html/ampleadmin-minimal/flot.html]
[wrappixel.com/ampleadmin/ampleadmin-html/ampleadmin-minimal/morris-chart.html]
[wrappixel.com/ampleadmin/ampleadmin-html/ampleadmin-minimal/chart-js.html]
[wrappixel.com/ampleadmin/ampleadmin-html/ampleadmin-minimal/peity-chart.html]
[wrappixel.com/ampleadmin/ampleadmin-html/ampleadmin-minimal/knob-chart.html]
[wrappixel.com/ampleadmin/ampleadmin-html/ampleadmin-minimal/sparkline-chart.html]
[wrappixel.com/ampleadmin/ampleadmin-html/ampleadmin-minimal/extra-charts.html]
[wrappixel.com/ampleadmin/ampleadmin-html/plugins/images/users/varun.jpg]
[wrappixel.com/ampleadmin/ampleadmin-html/ampleadmin-minimal/profile.html]
[wrappixel.com/ampleadmin/ampleadmin-html/ampleadmin-minimal/login.html]
[wrappixel.com/ampleadmin/ampleadmin-html/ampleadmin-minimal/index2.html]
[wrappixel.com/ampleadmin/ampleadmin-html/ampleadmin-minimal/index3.html]
[wrappixel.com/ampleadmin/ampleadmin-html/ampleadmin-minimal/products.html]
[wrappixel.com/ampleadmin/ampleadmin-html/ampleadmin-minimal/product-orders.html]
[wrappixel.com/ampleadmin/ampleadmin-html/ampleadmin-minimal/product-details.html]
[wrappixel.com/ampleadmin/ampleadmin-html/ampleadmin-minimal/product-edit.html]
[wrappixel.com/ampleadmin/ampleadmin-html/ampleadmin-minimal/product-cart.html]
[wrappixel.com/ampleadmin/ampleadmin-html/ampleadmin-minimal/product-checkout.html]
[wrappixel.com/ampleadmin/ampleadmin-html/ampleadmin-minimal/panels-wells.html]
[wrappixel.com/ampleadmin/ampleadmin-html/ampleadmin-minimal/panel-ui-block.html]
[wrappixel.com/ampleadmin/ampleadmin-html/ampleadmin-minimal/buttons.html]
[wrappixel.com/ampleadmin/ampleadmin-html/ampleadmin-minimal/sweatalert.html]
[wrappixel.com/ampleadmin/ampleadmin-html/ampleadmin-minimal/typography.html]
[wrappixel.com/ampleadmin/ampleadmin-html/ampleadmin-minimal/grid.html]
[wrappixel.com/ampleadmin/ampleadmin-html/ampleadmin-minimal/tabs.html]
[wrappixel.com/ampleadmin/ampleadmin-html/ampleadmin-minimal/tab-stylish.html]
[wrappixel.com/ampleadmin/ampleadmin-html/ampleadmin-minimal/modals.html]
[wrappixel.com/ampleadmin/ampleadmin-html/ampleadmin-minimal/progressbars.html]
[wrappixel.com/ampleadmin/ampleadmin-html/ampleadmin-minimal/notification.html]
[wrappixel.com/ampleadmin/ampleadmin-html/ampleadmin-minimal/carousel.html]
[wrappixel.com/ampleadmin/ampleadmin-html/ampleadmin-minimal/list-style.html]
[wrappixel.com/ampleadmin/ampleadmin-html/ampleadmin-minimal/user-cards.html]
[wrappixel.com/ampleadmin/ampleadmin-html/ampleadmin-minimal/timeline.html]
[wrappixel.com/ampleadmin/ampleadmin-html/ampleadmin-minimal/timeline-horizontal.html]
[wrappixel.com/ampleadmin/ampleadmin-html/ampleadmin-minimal/nestable.html]
[wrappixel.com/ampleadmin/ampleadmin-html/ampleadmin-minimal/range-slider.html]
[wrappixel.com/ampleadmin/ampleadmin-html/ampleadmin-minimal/tooltip-stylish.html]
[wrappixel.com/ampleadmin/ampleadmin-html/ampleadmin-minimal/bootstrap.html]
[wrappixel.com/ampleadmin/ampleadmin-html/ampleadmin-minimal/starter-page.html]
[wrappixel.com/ampleadmin/ampleadmin-html/ampleadmin-minimal/blank.html]
[wrappixel.com/ampleadmin/ampleadmin-html/ampleadmin-minimal/login2.html]
[wrappixel.com/ampleadmin/ampleadmin-html/ampleadmin-minimal/register.html]
[wrappixel.com/ampleadmin/ampleadmin-html/ampleadmin-minimal/register2.html]
[wrappixel.com/ampleadmin/ampleadmin-html/ampleadmin-minimal/register3.html]
[wrappixel.com/ampleadmin/ampleadmin-html/ampleadmin-minimal/recoverpw.html]
[wrappixel.com/ampleadmin/ampleadmin-html/ampleadmin-minimal/lock-screen.html]
[wrappixel.com/ampleadmin/ampleadmin-html/ampleadmin-minimal/400.html]
[wrappixel.com/ampleadmin/ampleadmin-html/ampleadmin-minimal/403.html]
[wrappixel.com/ampleadmin/ampleadmin-html/ampleadmin-minimal/404.html]
[wrappixel.com/ampleadmin/ampleadmin-html/ampleadmin-minimal/500.html]
[wrappixel.com/ampleadmin/ampleadmin-html/ampleadmin-minimal/503.html]
[wrappixel.com/ampleadmin/ampleadmin-html/ampleadmin-minimal/lightbox.html]
[wrappixel.com/ampleadmin/ampleadmin-html/ampleadmin-minimal/treeview.html]
[wrappixel.com/ampleadmin/ampleadmin-html/ampleadmin-minimal/search-result.html]
[wrappixel.com/ampleadmin/ampleadmin-html/ampleadmin-minimal/utility-classes.html]
[wrappixel.com/ampleadmin/ampleadmin-html/ampleadmin-minimal/custom-scroll.html]
[wrappixel.com/ampleadmin/ampleadmin-html/ampleadmin-minimal/animation.html]
[wrappixel.com/ampleadmin/ampleadmin-html/ampleadmin-minimal/invoice.html]
[wrappixel.com/ampleadmin/ampleadmin-html/ampleadmin-minimal/faq.html]
[wrappixel.com/ampleadmin/ampleadmin-html/ampleadmin-minimal/gallery.html]
[wrappixel.com/ampleadmin/ampleadmin-html/ampleadmin-minimal/pricing.html]
[wrappixel.com/ampleadmin/ampleadmin-html/ampleadmin-minimal/inbox.html]
[wrappixel.com/ampleadmin/ampleadmin-html/ampleadmin-minimal/chat.html]
[wrappixel.com/ampleadmin/ampleadmin-html/ampleadmin-minimal/inbox-detail.html]
[wrappixel.com/ampleadmin/ampleadmin-html/ampleadmin-minimal/compose.html]
[wrappixel.com/ampleadmin/ampleadmin-html/ampleadmin-minimal/contact.html]
[wrappixel.com/ampleadmin/ampleadmin-html/ampleadmin-minimal/contact2.html]
[wrappixel.com/ampleadmin/ampleadmin-html/ampleadmin-minimal/contact-detail.html]
[wrappixel.com/ampleadmin/ampleadmin-html/ampleadmin-minimal/chartist-js.html]
[wrappixel.com/ampleadmin/ampleadmin-html/ampleadmin-minimal/widgets.html]
[wrappixel.com/ampleadmin/ampleadmin-html/ampleadmin-minimal/fontawesome.html]
[wrappixel.com/ampleadmin/ampleadmin-html/ampleadmin-minimal/themifyicon.html]
[wrappixel.com/ampleadmin/ampleadmin-html/ampleadmin-minimal/simple-line.html]
[wrappixel.com/ampleadmin/ampleadmin-html/ampleadmin-minimal/linea-icon.html]
[wrappixel.com/ampleadmin/ampleadmin-html/ampleadmin-minimal/material-icons.html]
[wrappixel.com/ampleadmin/ampleadmin-html/ampleadmin-minimal/weather.html]
[wrappixel.com/ampleadmin/ampleadmin-html/ampleadmin-minimal/map-google.html]
[wrappixel.com/ampleadmin/ampleadmin-html/ampleadmin-minimal/map-vector.html]
[wrappixel.com/ampleadmin/ampleadmin-html/ampleadmin-minimal/calendar.html]
[wrappixel.com/ampleadmin/ampleadmin-html/ampleadmin-minimal/documentation.html]
[wrappixel.com/ampleadmin/ampleadmin-html/plugins/images/users/genu.jpg]
[wrappixel.com/ampleadmin/ampleadmin-html/plugins/images/users/govinda.jpg]
[wrappixel.com/ampleadmin/ampleadmin-html/plugins/images/users/1.jpg]
[wrappixel.com/ampleadmin/ampleadmin-html/plugins/images/users/2.jpg]
[wrappixel.com/ampleadmin/ampleadmin-html/plugins/images/users/3.jpg]
[wrappixel.com/ampleadmin/ampleadmin-html/plugins/images/users/4.jpg]
[wrappixel.com/ampleadmin/ampleadmin-html/plugins/images/users/ritesh.jpg]
[wrappixel.com/ampleadmin/ampleadmin-html/plugins/images/users/hritik.jpg]
[wrappixel.com/ampleadmin/ampleadmin-html/plugins/images/small/vd1.jpg]
[wrappixel.com/ampleadmin/ampleadmin-html/plugins/images/small/vd2.jpg]
[wrappixel.com/ampleadmin/ampleadmin-html/plugins/images/small/vd3.jpg]
[wrappixel.com/ampleadmin/ampleadmin-html/ampleadmin-minimal/bootstrap/dist/js/bootstrap.min.js]
[wrappixel.com/ampleadmin/ampleadmin-html/plugins/bower_components/sidebar-nav/dist/sidebar-nav.min.js]
[wrappixel.com/ampleadmin/ampleadmin-html/ampleadmin-minimal/js/jquery.slimscroll.js]
[wrappixel.com/ampleadmin/ampleadmin-html/ampleadmin-minimal/js/waves.js]
[wrappixel.com/ampleadmin/ampleadmin-html/plugins/bower_components/waypoints/lib/jquery.waypoints.js]
[wrappixel.com/ampleadmin/ampleadmin-html/plugins/bower_components/counterup/jquery.counterup.min.js]
[wrappixel.com/ampleadmin/ampleadmin-html/plugins/bower_components/chartist-js/dist/chartist.min.js]
[wrappixel.com/ampleadmin/ampleadmin-html/plugins/bower_components/chartist-plugin-tooltip-master/dist/chartist-plugin-tooltip.min.js]
[wrappixel.com/ampleadmin/ampleadmin-html/plugins/bower_components/jquery-sparkline/jquery.sparkline.min.js]
[wrappixel.com/ampleadmin/ampleadmin-html/ampleadmin-minimal/js/custom.min.js]
[wrappixel.com/ampleadmin/ampleadmin-html/ampleadmin-minimal/js/dashboard1.js]
[wrappixel.com/ampleadmin/ampleadmin-html/plugins/bower_components/toast-master/js/jquery.toast.js]
[wrappixel.com/ampleadmin/ampleadmin-html/plugins/bower_components/styleswitcher/jQuery.style.switcher.js]
[wrappixel.com/ampleadmin/ampleadmin-html/ampleadmin-minimal/index.html]
[wrappixel.com/ampleadmin/ampleadmin-html/plugins/bower_components/sidebar-nav/dist/sidebar-nav.min.css]
[wrappixel.com/ampleadmin/ampleadmin-html/plugins/bower_components/toast-master/css/jquery.toast.css]
[wrappixel.com/ampleadmin/ampleadmin-html/plugins/bower_components/morrisjs/morris.css]
[wrappixel.com/ampleadmin/ampleadmin-html/plugins/bower_components/chartist-js/dist/chartist.min.css]
[wrappixel.com/ampleadmin/ampleadmin-html/plugins/bower_components/chartist-plugin-tooltip-master/dist/chartist-plugin-tooltip.css]
[wrappixel.com/ampleadmin/ampleadmin-html/plugins/bower_components/calendar/dist/fullcalendar.css]
[wrappixel.com/ampleadmin/ampleadmin-html/ampleadmin-minimal/css/animate.css]
[wrappixel.com/ampleadmin/ampleadmin-html/ampleadmin-minimal/bootstrap/dist/css/bootstrap.min.css]
[wrappixel.com/ampleadmin/ampleadmin-html/ampleadmin-minimal/less/icons/font-awesome/fonts/fontawesome-webfont3295.woff]
[wrappixel.com/ampleadmin/ampleadmin-html/ampleadmin-minimal/less/icons/font-awesome/fonts/fontawesome-webfont3295.ttf]
[wrappixel.com/ampleadmin/ampleadmin-html/ampleadmin-minimal/less/icons/themify-icons/fonts/themify9f24.eot]
[wrappixel.com/ampleadmin/ampleadmin-html/ampleadmin-minimal/less/icons/themify-icons/fonts/themifyd41d.eot]
[wrappixel.com/ampleadmin/ampleadmin-html/ampleadmin-minimal/less/icons/themify-icons/fonts/themify9f24.woff]
[wrappixel.com/ampleadmin/ampleadmin-html/ampleadmin-minimal/less/icons/themify-icons/fonts/themify9f24.ttf]
[wrappixel.com/ampleadmin/ampleadmin-html/ampleadmin-minimal/less/icons/simple-line-icons/fonts/Simple-Line-Icons4c82.eot]
[wrappixel.com/ampleadmin/ampleadmin-html/ampleadmin-minimal/less/icons/simple-line-icons/fonts/Simple-Line-Iconsd41d.eot]
[wrappixel.com/ampleadmin/ampleadmin-html/ampleadmin-minimal/less/icons/simple-line-icons/fonts/Simple-Line-Icons4c82.ttf]
[wrappixel.com/ampleadmin/ampleadmin-html/ampleadmin-minimal/less/icons/simple-line-icons/fonts/Simple-Line-Icons4c82.woff]
[wrappixel.com/ampleadmin/ampleadmin-html/ampleadmin-minimal/less/icons/weather-icons/font/weathericons-regular-webfont.eot]
[wrappixel.com/ampleadmin/ampleadmin-html/ampleadmin-minimal/less/icons/weather-icons/font/weathericons-regular-webfontd41d.eot]
[wrappixel.com/ampleadmin/ampleadmin-html/ampleadmin-minimal/less/icons/weather-icons/font/weathericons-regular-webfont.woff]
[wrappixel.com/ampleadmin/ampleadmin-html/ampleadmin-minimal/less/icons/weather-icons/font/weathericons-regular-webfont.ttf]
[wrappixel.com/ampleadmin/ampleadmin-html/ampleadmin-minimal/less/icons/linea-icons/fonts/linea-arrows-10.eot]
[wrappixel.com/ampleadmin/ampleadmin-html/ampleadmin-minimal/less/icons/linea-icons/fonts/linea-arrows-10d41d.eot]
[wrappixel.com/ampleadmin/ampleadmin-html/ampleadmin-minimal/less/icons/linea-icons/fonts/linea-arrows-10.woff]
[wrappixel.com/ampleadmin/ampleadmin-html/ampleadmin-minimal/less/icons/linea-icons/fonts/linea-arrows-10.ttf]
[wrappixel.com/ampleadmin/ampleadmin-html/ampleadmin-minimal/less/icons/linea-icons/fonts/linea-basic-10.eot]
[wrappixel.com/ampleadmin/ampleadmin-html/ampleadmin-minimal/less/icons/linea-icons/fonts/linea-basic-10d41d.eot]
[wrappixel.com/ampleadmin/ampleadmin-html/ampleadmin-minimal/less/icons/linea-icons/fonts/linea-basic-10.woff]
[wrappixel.com/ampleadmin/ampleadmin-html/ampleadmin-minimal/less/icons/linea-icons/fonts/linea-basic-10.ttf]
[wrappixel.com/ampleadmin/ampleadmin-html/ampleadmin-minimal/less/icons/linea-icons/fonts/linea-basic-elaboration-10.eot]
[wrappixel.com/ampleadmin/ampleadmin-html/ampleadmin-minimal/less/icons/linea-icons/fonts/linea-basic-elaboration-10d41d.eot]
[wrappixel.com/ampleadmin/ampleadmin-html/ampleadmin-minimal/less/icons/linea-icons/fonts/linea-basic-elaboration-10.woff]
[wrappixel.com/ampleadmin/ampleadmin-html/ampleadmin-minimal/less/icons/linea-icons/fonts/linea-basic-elaboration-10.ttf]
[wrappixel.com/ampleadmin/ampleadmin-html/ampleadmin-minimal/less/icons/linea-icons/fonts/linea-ecommerce-10.eot]
[wrappixel.com/ampleadmin/ampleadmin-html/ampleadmin-minimal/less/icons/linea-icons/fonts/linea-ecommerce-10d41d.eot]
[wrappixel.com/ampleadmin/ampleadmin-html/ampleadmin-minimal/less/icons/linea-icons/fonts/linea-ecommerce-10.woff]
[wrappixel.com/ampleadmin/ampleadmin-html/ampleadmin-minimal/less/icons/linea-icons/fonts/linea-ecommerce-10.ttf]
[wrappixel.com/ampleadmin/ampleadmin-html/ampleadmin-minimal/less/icons/linea-icons/fonts/linea-music-10.eot]
[wrappixel.com/ampleadmin/ampleadmin-html/ampleadmin-minimal/less/icons/linea-icons/fonts/linea-music-10d41d.eot]
[wrappixel.com/ampleadmin/ampleadmin-html/ampleadmin-minimal/less/icons/linea-icons/fonts/linea-music-10.woff]
[wrappixel.com/ampleadmin/ampleadmin-html/ampleadmin-minimal/less/icons/linea-icons/fonts/linea-music-10.ttf]
[wrappixel.com/ampleadmin/ampleadmin-html/ampleadmin-minimal/less/icons/linea-icons/fonts/linea-software-10.eot]
[wrappixel.com/ampleadmin/ampleadmin-html/ampleadmin-minimal/less/icons/linea-icons/fonts/linea-software-10d41d.eot]
[wrappixel.com/ampleadmin/ampleadmin-html/ampleadmin-minimal/less/icons/linea-icons/fonts/linea-software-10.woff]
[wrappixel.com/ampleadmin/ampleadmin-html/ampleadmin-minimal/less/icons/linea-icons/fonts/linea-software-10.ttf]
[wrappixel.com/ampleadmin/ampleadmin-html/ampleadmin-minimal/less/icons/linea-icons/fonts/linea-weather-10.eot]
[wrappixel.com/ampleadmin/ampleadmin-html/ampleadmin-minimal/less/icons/linea-icons/fonts/linea-weather-10d41d.eot]
[wrappixel.com/ampleadmin/ampleadmin-html/ampleadmin-minimal/less/icons/linea-icons/fonts/linea-weather-10.woff]
[wrappixel.com/ampleadmin/ampleadmin-html/ampleadmin-minimal/less/icons/linea-icons/fonts/linea-weather-10.ttf]
[wrappixel.com/ampleadmin/ampleadmin-html/ampleadmin-minimal/css/style.css]
[wrappixel.com/ampleadmin/ampleadmin-html/ampleadmin-minimal/css/colors/default.css]
[wrappixel.com/ampleadmin/ampleadmin-html/ampleadmin-minimal/js/jasny-bootstrap.js]
[wrappixel.com/ampleadmin/ampleadmin-html/ampleadmin-minimal/form-basic.html]
[wrappixel.com/ampleadmin/ampleadmin-html/ampleadmin-minimal/form-layout.html]
[wrappixel.com/ampleadmin/ampleadmin-html/plugins/bower_components/bootstrap-datepicker/bootstrap-datepicker.min.css]
[wrappixel.com/ampleadmin/ampleadmin-html/plugins/bower_components/custom-select/custom-select.css]
[wrappixel.com/ampleadmin/ampleadmin-html/plugins/bower_components/switchery/dist/switchery.min.css]
[wrappixel.com/ampleadmin/ampleadmin-html/plugins/bower_components/bootstrap-select/bootstrap-select.min.css]
[wrappixel.com/ampleadmin/ampleadmin-html/plugins/bower_components/bootstrap-tagsinput/dist/bootstrap-tagsinput.css]
[wrappixel.com/ampleadmin/ampleadmin-html/plugins/bower_components/bootstrap-touchspin/dist/jquery.bootstrap-touchspin.min.css]
[wrappixel.com/ampleadmin/ampleadmin-html/plugins/bower_components/multiselect/css/multi-select.css]
[wrappixel.com/ampleadmin/ampleadmin-html/plugins/bower_components/switchery/dist/switchery.min.js]
[wrappixel.com/ampleadmin/ampleadmin-html/plugins/bower_components/custom-select/custom-select.min.js]
[wrappixel.com/ampleadmin/ampleadmin-html/plugins/bower_components/bootstrap-select/bootstrap-select.min.js]
[wrappixel.com/ampleadmin/ampleadmin-html/plugins/bower_components/bootstrap-tagsinput/dist/bootstrap-tagsinput.min.js]
[wrappixel.com/ampleadmin/ampleadmin-html/plugins/bower_components/bootstrap-touchspin/dist/jquery.bootstrap-touchspin.min.js]
[wrappixel.com/ampleadmin/ampleadmin-html/plugins/bower_components/multiselect/js/jquery.multi-select.js]
[wrappixel.com/ampleadmin/ampleadmin-html/ampleadmin-minimal/form-advanced.html]
[wrappixel.com/ampleadmin/ampleadmin-html/ampleadmin-minimal/form-material-elements.html]
[wrappixel.com/ampleadmin/ampleadmin-html/ampleadmin-minimal/form-float-input.html]
[wrappixel.com/ampleadmin/ampleadmin-html/plugins/bower_components/dropify/dist/css/dropify.min.css]
[wrappixel.com/ampleadmin/ampleadmin-html/plugins/bower_components/dropify/src/images/test-image-1.jpg]
[wrappixel.com/ampleadmin/ampleadmin-html/plugins/bower_components/dropify/src/images/test-image-2.jpg]
[wrappixel.com/ampleadmin/ampleadmin-html/plugins/bower_components/dropify/dist/js/dropify.min.js]
[wrappixel.com/ampleadmin/ampleadmin-html/ampleadmin-minimal/form-upload.html]
[wrappixel.com/ampleadmin/ampleadmin-html/ampleadmin-minimal/js/mask.js]
[wrappixel.com/ampleadmin/ampleadmin-html/ampleadmin-minimal/form-mask.html]
[wrappixel.com/ampleadmin/ampleadmin-html/plugins/bower_components/cropper/cropper.min.css]
[wrappixel.com/ampleadmin/ampleadmin-html/plugins/images/big/img1.jpg]
[wrappixel.com/ampleadmin/ampleadmin-html/plugins/bower_components/cropper/cropper.min.js]
[wrappixel.com/ampleadmin/ampleadmin-html/plugins/bower_components/cropper/cropper-init.js]
[wrappixel.com/ampleadmin/ampleadmin-html/ampleadmin-minimal/form-img-cropper.html]
[wrappixel.com/ampleadmin/ampleadmin-html/ampleadmin-minimal/js/validator.js]
[wrappixel.com/ampleadmin/ampleadmin-html/ampleadmin-minimal/form-validation.html]
[wrappixel.com/ampleadmin/ampleadmin-html/plugins/bower_components/dropzone-master/dist/dropzone.css]
[wrappixel.com/ampleadmin/ampleadmin-html/plugins/bower_components/dropzone-master/dist/dropzone.js]
[wrappixel.com/ampleadmin/ampleadmin-html/ampleadmin-minimal/form-dropzone.html]
[wrappixel.com/ampleadmin/ampleadmin-html/plugins/bower_components/clockpicker/dist/jquery-clockpicker.min.css]
[wrappixel.com/ampleadmin/ampleadmin-html/plugins/bower_components/jquery-asColorPicker-master/css/asColorPicker.css]
[wrappixel.com/ampleadmin/ampleadmin-html/plugins/bower_components/timepicker/bootstrap-timepicker.min.css]
[wrappixel.com/ampleadmin/ampleadmin-html/plugins/bower_components/bootstrap-daterangepicker/daterangepicker.css]
[wrappixel.com/ampleadmin/ampleadmin-html/plugins/bower_components/clockpicker/dist/jquery-clockpicker.min.js]
[wrappixel.com/ampleadmin/ampleadmin-html/plugins/bower_components/jquery-asColorPicker-master/libs/jquery-asColor.js]
[wrappixel.com/ampleadmin/ampleadmin-html/plugins/bower_components/jquery-asColorPicker-master/libs/jquery-asGradient.js]
[wrappixel.com/ampleadmin/ampleadmin-html/plugins/bower_components/jquery-asColorPicker-master/dist/jquery-asColorPicker.min.js]
[wrappixel.com/ampleadmin/ampleadmin-html/plugins/bower_components/bootstrap-datepicker/bootstrap-datepicker.min.js]
[wrappixel.com/ampleadmin/ampleadmin-html/plugins/bower_components/timepicker/bootstrap-timepicker.min.js]
[wrappixel.com/ampleadmin/ampleadmin-html/plugins/bower_components/moment/moment.js]
[wrappixel.com/ampleadmin/ampleadmin-html/plugins/bower_components/bootstrap-daterangepicker/daterangepicker.js]
[wrappixel.com/ampleadmin/ampleadmin-html/ampleadmin-minimal/form-pickers.html]
[wrappixel.com/ampleadmin/ampleadmin-html/plugins/bower_components/sweetalert/sweetalert.css]
[wrappixel.com/ampleadmin/ampleadmin-html/plugins/bower_components/jquery-wizard-master/css/wizard.css]
[wrappixel.com/ampleadmin/ampleadmin-html/plugins/bower_components/jquery-wizard-master/dist/jquery-wizard.min.js]
[wrappixel.com/ampleadmin/ampleadmin-html/plugins/bower_components/jquery-wizard-master/libs/formvalidation/formValidation.min.css]
[wrappixel.com/ampleadmin/ampleadmin-html/plugins/bower_components/jquery-wizard-master/libs/formvalidation/bootstrap.min.js]
[wrappixel.com/ampleadmin/ampleadmin-html/plugins/bower_components/jquery-wizard-master/libs/formvalidation/formValidation.min.js]
[wrappixel.com/ampleadmin/ampleadmin-html/plugins/bower_components/sweetalert/sweetalert.min.js]
[wrappixel.com/ampleadmin/ampleadmin-html/ampleadmin-minimal/form-wizard.html]
[wrappixel.com/ampleadmin/ampleadmin-html/plugins/bower_components/typeahead.js-master/dist/typehead-min.css]
[wrappixel.com/ampleadmin/ampleadmin-html/plugins/bower_components/typeahead.js-master/dist/typeahead.bundle.min.js]
[wrappixel.com/ampleadmin/ampleadmin-html/plugins/bower_components/typeahead.js-master/dist/typeahead-init.js]
[wrappixel.com/ampleadmin/ampleadmin-html/ampleadmin-minimal/form-typehead.html]
[wrappixel.com/ampleadmin/ampleadmin-html/plugins/bower_components/x-editable/dist/bootstrap3-editable/css/bootstrap-editable.css]
[wrappixel.com/ampleadmin/ampleadmin-html/ampleadmin-minimal/form-xeditable.html]
[wrappixel.com/ampleadmin/ampleadmin-html/plugins/bower_components/summernote/dist/summernote.css]
[wrappixel.com/ampleadmin/ampleadmin-html/ampleadmin-minimal/form-summernote.html]
[wrappixel.com/ampleadmin/ampleadmin-html/plugins/bower_components/x-editable/dist/bootstrap3-editable/js/bootstrap-editable.min.js]
[wrappixel.com/ampleadmin/ampleadmin-html/plugins/bower_components/summernote/dist/summernote.min.js]
[wrappixel.com/ampleadmin/ampleadmin-html/plugins/bower_components/html5-editor/bootstrap-wysihtml5.css]
[wrappixel.com/ampleadmin/ampleadmin-html/plugins/bower_components/html5-editor/bootstrap-wysihtml5.js]
[wrappixel.com/ampleadmin/ampleadmin-html/ampleadmin-minimal/form-bootstrap-wysihtml5.html]
[wrappixel.com/ampleadmin/ampleadmin-html/plugins/bower_components/html5-editor/wysihtml5-0.3.0.js]
[wrappixel.com/ampleadmin/ampleadmin-html/ampleadmin-minimal/form-tinymce-wysihtml5.html]
[wrappixel.com/ampleadmin/ampleadmin-html/plugins/bower_components/peity/jquery.peity.min.js]
[wrappixel.com/ampleadmin/ampleadmin-html/plugins/bower_components/peity/jquery.peity.init.js]
[wrappixel.com/ampleadmin/ampleadmin-html/ampleadmin-minimal/basic-table.html]
[wrappixel.com/ampleadmin/ampleadmin-html/ampleadmin-minimal/table-layouts.html]
[wrappixel.com/ampleadmin/ampleadmin-html/plugins/bower_components/datatables/jquery.dataTables.min.css]
[wrappixel.com/ampleadmin/ampleadmin-html/plugins/bower_components/tinymce/tinymce.min.js]
[cdn.datatables.net/buttons/1.2.2/css/buttons.dataTables.min.css]
[cdn.datatables.net/buttons/1.2.2/js/dataTables.buttons.min.js]
[wrappixel.com/ampleadmin/ampleadmin-html/plugins/bower_components/datatables/jquery.dataTables.min.js]
[cdn.datatables.net/buttons/1.2.2/js/buttons.flash.min.js]
[cdnjs.cloudflare.com/ajax/libs/jszip/2.5.0/jszip.min.js]
[cdn.datatables.net/buttons/1.2.2/js/buttons.html5.min.js]
[cdn.rawgit.com/bpampuch/pdfmake/0.1.18/build/pdfmake.min.js]
[cdn.datatables.net/buttons/1.2.2/js/buttons.print.min.js]
[wrappixel.com/ampleadmin/ampleadmin-html/ampleadmin-minimal/data-table.html]
[wrappixel.com/ampleadmin/ampleadmin-html/plugins/bower_components/bootstrap-table/dist/bootstrap-table.min.css]
[wrappixel.com/ampleadmin/ampleadmin-html/plugins/bower_components/bootstrap-table/dist/bootstrap-table.min.js]
[wrappixel.com/ampleadmin/ampleadmin-html/plugins/bower_components/bootstrap-table/dist/bootstrap-table.ints.js]
[wrappixel.com/ampleadmin/ampleadmin-html/ampleadmin-minimal/bootstrap-tables.html]
[wrappixel.com/ampleadmin/ampleadmin-html/plugins/bower_components/tablesaw-master/dist/tablesaw.css]
[wrappixel.com/ampleadmin/ampleadmin-html/plugins/bower_components/tablesaw-master/dist/tablesaw.js]
[wrappixel.com/ampleadmin/ampleadmin-html/plugins/bower_components/tablesaw-master/dist/tablesaw-init.js]
[wrappixel.com/ampleadmin/ampleadmin-html/ampleadmin-minimal/responsive-tables.html]
[wrappixel.com/ampleadmin/ampleadmin-html/plugins/bower_components/jquery-datatables-editable/datatables.css]
[wrappixel.com/ampleadmin/ampleadmin-html/plugins/bower_components/datatables/dataTables.bootstrap.js]
[wrappixel.com/ampleadmin/ampleadmin-html/plugins/bower_components/tiny-editable/mindmup-editabletable.js]
[wrappixel.com/ampleadmin/ampleadmin-html/plugins/bower_components/tiny-editable/numeric-input-example.js]
[wrappixel.com/ampleadmin/ampleadmin-html/ampleadmin-minimal/editable-tables.html]
[wrappixel.com/ampleadmin/ampleadmin-html/plugins/bower_components/jquery-datatables-editable/jquery.dataTables.js]
[wrappixel.com/ampleadmin/ampleadmin-html/plugins/bower_components/footable/css/footable.core.css]
[wrappixel.com/ampleadmin/ampleadmin-html/plugins/images/users/salman.jpg]
[wrappixel.com/ampleadmin/ampleadmin-html/plugins/bower_components/footable/js/footable.all.min.js]
[wrappixel.com/ampleadmin/ampleadmin-html/ampleadmin-minimal/js/footable-init.js]
[wrappixel.com/ampleadmin/ampleadmin-html/ampleadmin-minimal/foo-tables.html]
[wrappixel.com/ampleadmin/ampleadmin-html/plugins/bower_components/jsgrid/dist/jsgrid.min.css]
[wrappixel.com/ampleadmin/ampleadmin-html/plugins/bower_components/jsgrid/dist/jsgrid-theme.min.css]
[wrappixel.com/ampleadmin/ampleadmin-html/plugins/bower_components/jsgrid/db.js]
[wrappixel.com/ampleadmin/ampleadmin-html/plugins/bower_components/jsgrid/dist/jsgrid.min.js]
[wrappixel.com/ampleadmin/ampleadmin-html/ampleadmin-minimal/js/jsgrid-init.js]
[wrappixel.com/ampleadmin/ampleadmin-html/ampleadmin-minimal/jsgrid.html]
[wrappixel.com/ampleadmin/ampleadmin-html/plugins/bower_components/flot/excanvas.min.js]
[wrappixel.com/ampleadmin/ampleadmin-html/plugins/bower_components/flot/jquery.flot.js]
[wrappixel.com/ampleadmin/ampleadmin-html/plugins/bower_components/flot/jquery.flot.pie.js]
[wrappixel.com/ampleadmin/ampleadmin-html/plugins/bower_components/flot/jquery.flot.time.js]
[wrappixel.com/ampleadmin/ampleadmin-html/plugins/bower_components/flot/jquery.flot.stack.js]
[wrappixel.com/ampleadmin/ampleadmin-html/plugins/bower_components/flot/jquery.flot.crosshair.js]
[cdn.rawgit.com/bpampuch/pdfmake/0.1.18/build/vfs_fonts.js]
[wrappixel.com/ampleadmin/ampleadmin-html/plugins/bower_components/flot.tooltip/js/jquery.flot.tooltip.min.js]
[wrappixel.com/ampleadmin/ampleadmin-html/ampleadmin-minimal/js/flot-data.js]
[wrappixel.com/ampleadmin/ampleadmin-html/ampleadmin-minimal/flot.html]
[wrappixel.com/ampleadmin/ampleadmin-html/plugins/bower_components/raphael/raphael-min.js]
[wrappixel.com/ampleadmin/ampleadmin-html/plugins/bower_components/morrisjs/morris.js]
[wrappixel.com/ampleadmin/ampleadmin-html/ampleadmin-minimal/js/morris-data.js]
[wrappixel.com/ampleadmin/ampleadmin-html/ampleadmin-minimal/morris-chart.html]
[wrappixel.com/ampleadmin/ampleadmin-html/plugins/bower_components/Chart.js/chartjs.init.js]
[wrappixel.com/ampleadmin/ampleadmin-html/plugins/bower_components/Chart.js/Chart.min.js]
[wrappixel.com/ampleadmin/ampleadmin-html/ampleadmin-minimal/chart-js.html]
[wrappixel.com/ampleadmin/ampleadmin-html/ampleadmin-minimal/peity-chart.html]
[wrappixel.com/ampleadmin/ampleadmin-html/plugins/bower_components/knob/jquery.knob.js]
[wrappixel.com/ampleadmin/ampleadmin-html/ampleadmin-minimal/knob-chart.html]
[wrappixel.com/ampleadmin/ampleadmin-html/plugins/bower_components/jquery-sparkline/jquery.charts-sparkline.js]
[wrappixel.com/ampleadmin/ampleadmin-html/ampleadmin-minimal/sparkline-chart.html]
[wrappixel.com/ampleadmin/ampleadmin-html/plugins/bower_components/css-chart/css-chart.css]
[wrappixel.com/ampleadmin/ampleadmin-html/plugins/bower_components/jquery.easy-pie-chart/dist/jquery.easypiechart.min.js]
[wrappixel.com/ampleadmin/ampleadmin-html/plugins/bower_components/jquery.easy-pie-chart/easy-pie-chart.init.js]
[wrappixel.com/ampleadmin/ampleadmin-html/ampleadmin-minimal/extra-charts.html]
[wrappixel.com/ampleadmin/ampleadmin-html/plugins/images/large/img1.jpg]
[wrappixel.com/ampleadmin/ampleadmin-html/plugins/images/img1.jpg]
[wrappixel.com/ampleadmin/ampleadmin-html/plugins/images/img2.jpg]
[wrappixel.com/ampleadmin/ampleadmin-html/plugins/images/img3.jpg]
[wrappixel.com/ampleadmin/ampleadmin-html/ampleadmin-minimal/profile.html]
[wrappixel.com/ampleadmin/ampleadmin-html/ampleadmin-minimal/login.html]
[wrappixel.com/ampleadmin/ampleadmin-html/plugins/bower_components/Minimal-Gauge-chart/css/cmGauge.css]
[wrappixel.com/ampleadmin/ampleadmin-html/plugins/bower_components/AnimatedSkillsDiagram/js/animated-bar.js]
[wrappixel.com/ampleadmin/ampleadmin-html/plugins/bower_components/Minimal-Gauge-chart/js/cmGauge.js]
[wrappixel.com/ampleadmin/ampleadmin-html/ampleadmin-minimal/js/dashboard2.js]
[wrappixel.com/ampleadmin/ampleadmin-html/ampleadmin-minimal/index2.html]
[wrappixel.com/ampleadmin/ampleadmin-html/plugins/bower_components/vectormap/jquery-jvectormap-2.0.2.css]
[wrappixel.com/ampleadmin/ampleadmin-html/plugins/images/heading-bg/slide6.jpg]
[wrappixel.com/ampleadmin/ampleadmin-html/plugins/images/heading-bg/slide4.jpg]
[wrappixel.com/ampleadmin/ampleadmin-html/plugins/bower_components/vectormap/jquery-jvectormap-2.0.2.min.js]
[wrappixel.com/ampleadmin/ampleadmin-html/plugins/bower_components/vectormap/jquery-jvectormap-world-mill-en.js]
[wrappixel.com/ampleadmin/ampleadmin-html/ampleadmin-minimal/js/dashboard3.js]
[wrappixel.com/ampleadmin/ampleadmin-html/ampleadmin-minimal/index3.html]
[wrappixel.com/ampleadmin/ampleadmin-html/plugins/images/chair.jpg]
[wrappixel.com/ampleadmin/ampleadmin-html/plugins/bower_components/vectormap/jquery-jvectormap-in-mill.js]
[wrappixel.com/ampleadmin/ampleadmin-html/plugins/images/chair2.jpg]
[wrappixel.com/ampleadmin/ampleadmin-html/plugins/bower_components/vectormap/jquery-jvectormap-us-aea-en.js]
[wrappixel.com/ampleadmin/ampleadmin-html/plugins/images/chair4.jpg]
[wrappixel.com/ampleadmin/ampleadmin-html/plugins/images/chair3.jpg]
[wrappixel.com/ampleadmin/ampleadmin-html/ampleadmin-minimal/products.html]
[wrappixel.com/ampleadmin/ampleadmin-html/ampleadmin-minimal/product-orders.html]
[wrappixel.com/ampleadmin/ampleadmin-html/ampleadmin-minimal/product-details.html]
[wrappixel.com/ampleadmin/ampleadmin-html/ampleadmin-minimal/product-edit.html]
[wrappixel.com/ampleadmin/ampleadmin-html/ampleadmin-minimal/product-cart.html]
[wrappixel.com/ampleadmin/ampleadmin-html/ampleadmin-minimal/product-checkout.html]
[wrappixel.com/ampleadmin/ampleadmin-html/ampleadmin-minimal/panels-wells.html]
[wrappixel.com/ampleadmin/ampleadmin-html/plugins/bower_components/blockUI/jquery.blockUI.js]
[wrappixel.com/ampleadmin/ampleadmin-html/ampleadmin-minimal/panel-ui-block.html]
[wrappixel.com/ampleadmin/ampleadmin-html/ampleadmin-minimal/buttons.html]
[wrappixel.com/ampleadmin/ampleadmin-html/plugins/images/alert.png]
[wrappixel.com/ampleadmin/ampleadmin-html/plugins/images/alert2.png]
[wrappixel.com/ampleadmin/ampleadmin-html/plugins/images/alert3.png]
[wrappixel.com/ampleadmin/ampleadmin-html/plugins/images/alert4.png]
[wrappixel.com/ampleadmin/ampleadmin-html/plugins/images/alert5.png]
[wrappixel.com/ampleadmin/ampleadmin-html/plugins/images/alert7.png]
[wrappixel.com/ampleadmin/ampleadmin-html/plugins/images/alert6.png]
[wrappixel.com/ampleadmin/ampleadmin-html/plugins/bower_components/sweetalert/jquery.sweet-alert.custom.js]
[wrappixel.com/ampleadmin/ampleadmin-html/ampleadmin-minimal/sweatalert.html]
[wrappixel.com/ampleadmin/ampleadmin-html/ampleadmin-minimal/typography.html]
[wrappixel.com/ampleadmin/ampleadmin-html/ampleadmin-minimal/grid.html]
[wrappixel.com/ampleadmin/ampleadmin-html/plugins/images/large/img2.jpg]
[wrappixel.com/ampleadmin/ampleadmin-html/plugins/images/large/img3.jpg]
[wrappixel.com/ampleadmin/ampleadmin-html/plugins/images/large/img4.jpg]
[wrappixel.com/ampleadmin/ampleadmin-html/plugins/images/large/img5.jpg]
[wrappixel.com/ampleadmin/ampleadmin-html/plugins/images/large/img6.jpg]
[wrappixel.com/ampleadmin/ampleadmin-html/ampleadmin-minimal/tabs.html]
[wrappixel.com/ampleadmin/ampleadmin-html/ampleadmin-minimal/js/cbpFWTabs.js]
[wrappixel.com/ampleadmin/ampleadmin-html/ampleadmin-minimal/tab-stylish.html]
[wrappixel.com/ampleadmin/ampleadmin-html/plugins/images/model2.png]
[wrappixel.com/ampleadmin/ampleadmin-html/plugins/images/model.png]
[wrappixel.com/ampleadmin/ampleadmin-html/plugins/images/model3.png]
[wrappixel.com/ampleadmin/ampleadmin-html/ampleadmin-minimal/modals.html]
[wrappixel.com/ampleadmin/ampleadmin-html/ampleadmin-minimal/progressbars.html]
[wrappixel.com/ampleadmin/ampleadmin-html/ampleadmin-minimal/js/toastr.js]
[wrappixel.com/ampleadmin/ampleadmin-html/ampleadmin-minimal/notification.html]
[wrappixel.com/ampleadmin/ampleadmin-html/plugins/bower_components/owl.carousel/owl.carousel.min.css]
[wrappixel.com/ampleadmin/ampleadmin-html/plugins/bower_components/owl.carousel/owl.theme.default.css]
[wrappixel.com/ampleadmin/ampleadmin-html/plugins/images/big/img2.jpg]
[wrappixel.com/ampleadmin/ampleadmin-html/plugins/images/big/img3.jpg]
[wrappixel.com/ampleadmin/ampleadmin-html/plugins/images/big/img4.jpg]
[wrappixel.com/ampleadmin/ampleadmin-html/plugins/images/big/img5.jpg]
[wrappixel.com/ampleadmin/ampleadmin-html/plugins/images/big/img6.jpg]
[wrappixel.com/ampleadmin/ampleadmin-html/plugins/images/heading-bg/slide2.jpg]
[wrappixel.com/ampleadmin/ampleadmin-html/plugins/images/heading-bg/slide3.jpg]
[wrappixel.com/ampleadmin/ampleadmin-html/plugins/images/heading-bg/slide1.jpg]
[wrappixel.com/ampleadmin/ampleadmin-html/plugins/bower_components/owl.carousel/owl.carousel.min.js]
[wrappixel.com/ampleadmin/ampleadmin-html/plugins/bower_components/owl.carousel/owl.custom.js]
[wrappixel.com/ampleadmin/ampleadmin-html/ampleadmin-minimal/carousel.html]
[wrappixel.com/ampleadmin/ampleadmin-html/ampleadmin-minimal/list-style.html]
[wrappixel.com/ampleadmin/ampleadmin-html/plugins/bower_components/Magnific-Popup-master/dist/magnific-popup.css]
[wrappixel.com/ampleadmin/ampleadmin-html/plugins/images/users/5.jpg]
[wrappixel.com/ampleadmin/ampleadmin-html/plugins/images/users/6.jpg]
[wrappixel.com/ampleadmin/ampleadmin-html/plugins/images/users/7.jpg]
[wrappixel.com/ampleadmin/ampleadmin-html/plugins/images/users/8.jpg]
[wrappixel.com/ampleadmin/ampleadmin-html/plugins/bower_components/Magnific-Popup-master/dist/jquery.magnific-popup.min.js]
[wrappixel.com/ampleadmin/ampleadmin-html/plugins/bower_components/Magnific-Popup-master/dist/jquery.magnific-popup-init.js]
[wrappixel.com/ampleadmin/ampleadmin-html/ampleadmin-minimal/user-cards.html]
[wrappixel.com/ampleadmin/ampleadmin-html/ampleadmin-minimal/timeline.html]
[wrappixel.com/ampleadmin/ampleadmin-html/plugins/bower_components/horizontal-timeline/css/horizontal-timeline.css]
[wrappixel.com/ampleadmin/ampleadmin-html/plugins/bower_components/horizontal-timeline/js/horizontal-timeline.js]
[wrappixel.com/ampleadmin/ampleadmin-html/ampleadmin-minimal/timeline-horizontal.html]
[wrappixel.com/ampleadmin/ampleadmin-html/plugins/bower_components/nestable/nestable.css]
[wrappixel.com/ampleadmin/ampleadmin-html/plugins/bower_components/nestable/jquery.nestable.js]
[wrappixel.com/ampleadmin/ampleadmin-html/ampleadmin-minimal/nestable.html]
[wrappixel.com/ampleadmin/ampleadmin-html/plugins/bower_components/ion-rangeslider/css/ion.rangeSlider.css]
[wrappixel.com/ampleadmin/ampleadmin-html/plugins/bower_components/ion-rangeslider/css/ion.rangeSlider.skinModern.css]
[wrappixel.com/ampleadmin/ampleadmin-html/plugins/bower_components/ion-rangeslider/js/ion-rangeSlider/ion.rangeSlider.min.js]
[wrappixel.com/ampleadmin/ampleadmin-html/plugins/bower_components/ion-rangeslider/js/ion-rangeSlider/ion.rangeSlider-init.js]
[wrappixel.com/ampleadmin/ampleadmin-html/ampleadmin-minimal/range-slider.html]
[wrappixel.com/ampleadmin/ampleadmin-html/plugins/images/tooltip/Euclid.png]
[wrappixel.com/ampleadmin/ampleadmin-html/ampleadmin-minimal/tooltip-stylish.html]
[wrappixel.com/ampleadmin/ampleadmin-html/plugins/images/big/circle.jpg]
[wrappixel.com/ampleadmin/ampleadmin-html/ampleadmin-minimal/bootstrap.html]
[wrappixel.com/ampleadmin/ampleadmin-html/ampleadmin-minimal/js/custom.js]
[wrappixel.com/ampleadmin/ampleadmin-html/ampleadmin-minimal/starter-page.html]
[wrappixel.com/ampleadmin/ampleadmin-html/ampleadmin-minimal/blank.html]
[wrappixel.com/ampleadmin/ampleadmin-html/ampleadmin-minimal/css/colors/blue.css]
[wrappixel.com/ampleadmin/ampleadmin-html/ampleadmin-minimal/login2.html]
[wrappixel.com/ampleadmin/ampleadmin-html/ampleadmin-minimal/register.html]
[wrappixel.com/ampleadmin/ampleadmin-html/ampleadmin-minimal/register2.html]
[wrappixel.com/ampleadmin/ampleadmin-html/plugins/bower_components/register-steps/steps.css]
[wrappixel.com/ampleadmin/ampleadmin-html/plugins/bower_components/register-steps/jquery.easing.min.js]
[wrappixel.com/ampleadmin/ampleadmin-html/plugins/bower_components/register-steps/register-init.js]
[wrappixel.com/ampleadmin/ampleadmin-html/ampleadmin-minimal/register3.html]
[wrappixel.com/ampleadmin/ampleadmin-html/ampleadmin-minimal/recoverpw.html]
[wrappixel.com/ampleadmin/ampleadmin-html/ampleadmin-minimal/lock-screen.html]
[wrappixel.com/ampleadmin/ampleadmin-html/ampleadmin-minimal/400.html]
[wrappixel.com/ampleadmin/ampleadmin-html/ampleadmin-minimal/403.html]
[wrappixel.com/ampleadmin/ampleadmin-html/ampleadmin-minimal/404.html]
[wrappixel.com/ampleadmin/ampleadmin-html/ampleadmin-minimal/500.html]
[wrappixel.com/ampleadmin/ampleadmin-html/ampleadmin-minimal/503.html]
[wrappixel.com/ampleadmin/ampleadmin-html/ampleadmin-minimal/lightbox.html]
[wrappixel.com/ampleadmin/ampleadmin-html/plugins/bower_components/bootstrap-treeview-master/dist/bootstrap-treeview.min.js]
[wrappixel.com/ampleadmin/ampleadmin-html/plugins/bower_components/bootstrap-treeview-master/dist/bootstrap-treeview-init.js]
[wrappixel.com/ampleadmin/ampleadmin-html/ampleadmin-minimal/treeview.html]
[wrappixel.com/ampleadmin/ampleadmin-html/ampleadmin-minimal/search-result.html]
[wrappixel.com/ampleadmin/ampleadmin-html/ampleadmin-minimal/utility-classes.html]
[wrappixel.com/ampleadmin/ampleadmin-html/ampleadmin-minimal/custom-scroll.html]
[wrappixel.com/ampleadmin/ampleadmin-html/ampleadmin-minimal/animation.html]
[wrappixel.com/ampleadmin/ampleadmin-html/ampleadmin-minimal/js/jquery.PrintArea.js]
[wrappixel.com/ampleadmin/ampleadmin-html/ampleadmin-minimal/invoice.html]
[wrappixel.com/ampleadmin/ampleadmin-html/ampleadmin-minimal/faq.html]
[wrappixel.com/ampleadmin/ampleadmin-html/plugins/bower_components/gallery/css/animated-masonry-gallery.css]
[wrappixel.com/ampleadmin/ampleadmin-html/plugins/bower_components/fancybox/ekko-lightbox.min.css]
[wrappixel.com/ampleadmin/ampleadmin-html/plugins/images/assets/studio1.jpg]
[wrappixel.com/ampleadmin/ampleadmin-html/plugins/images/assets/landscape1.jpg]
[wrappixel.com/ampleadmin/ampleadmin-html/plugins/images/assets/studio2.jpg]
[wrappixel.com/ampleadmin/ampleadmin-html/plugins/images/assets/studio25.jpg]
[wrappixel.com/ampleadmin/ampleadmin-html/plugins/images/assets/landscape2.jpg]
[wrappixel.com/ampleadmin/ampleadmin-html/plugins/images/assets/studio27.jpg]
[wrappixel.com/ampleadmin/ampleadmin-html/plugins/images/assets/studio3.jpg]
[wrappixel.com/ampleadmin/ampleadmin-html/plugins/images/assets/landscape3.jpg]
[wrappixel.com/ampleadmin/ampleadmin-html/plugins/images/assets/studio26.jpg]
[wrappixel.com/ampleadmin/ampleadmin-html/plugins/images/assets/studio4.jpg]
[wrappixel.com/ampleadmin/ampleadmin-html/plugins/images/assets/landscape4.jpg]
[wrappixel.com/ampleadmin/ampleadmin-html/plugins/images/assets/studio5.jpg]
[wrappixel.com/ampleadmin/ampleadmin-html/plugins/images/assets/landscape5.jpg]
[wrappixel.com/ampleadmin/ampleadmin-html/plugins/images/assets/studio6.jpg]
[wrappixel.com/ampleadmin/ampleadmin-html/plugins/images/assets/landscape6.jpg]
[wrappixel.com/ampleadmin/ampleadmin-html/plugins/images/assets/studio7.jpg]
[wrappixel.com/ampleadmin/ampleadmin-html/plugins/images/assets/landscape7.jpg]
[wrappixel.com/ampleadmin/ampleadmin-html/plugins/images/assets/studio8.jpg]
[wrappixel.com/ampleadmin/ampleadmin-html/plugins/images/assets/landscape8.jpg]
[wrappixel.com/ampleadmin/ampleadmin-html/plugins/images/assets/studio9.jpg]
[wrappixel.com/ampleadmin/ampleadmin-html/plugins/images/assets/landscape9.jpg]
[wrappixel.com/ampleadmin/ampleadmin-html/plugins/images/assets/studio10.jpg]
[wrappixel.com/ampleadmin/ampleadmin-html/plugins/images/assets/landscape10.jpg]
[wrappixel.com/ampleadmin/ampleadmin-html/plugins/images/assets/studio11.jpg]
[wrappixel.com/ampleadmin/ampleadmin-html/plugins/images/assets/landscape11.jpg]
[wrappixel.com/ampleadmin/ampleadmin-html/plugins/images/assets/studio12.jpg]
[wrappixel.com/ampleadmin/ampleadmin-html/plugins/images/assets/landscape12.jpg]
[wrappixel.com/ampleadmin/ampleadmin-html/plugins/images/assets/studio13.jpg]
[wrappixel.com/ampleadmin/ampleadmin-html/plugins/images/assets/landscape13.jpg]
[wrappixel.com/ampleadmin/ampleadmin-html/plugins/images/assets/studio14.jpg]
[wrappixel.com/ampleadmin/ampleadmin-html/plugins/images/assets/landscape14.jpg]
[wrappixel.com/ampleadmin/ampleadmin-html/plugins/images/assets/studio15.jpg]
[wrappixel.com/ampleadmin/ampleadmin-html/plugins/images/assets/landscape15.jpg]
[wrappixel.com/ampleadmin/ampleadmin-html/plugins/images/assets/studio16.jpg]
[wrappixel.com/ampleadmin/ampleadmin-html/plugins/images/assets/landscape16.jpg]
[wrappixel.com/ampleadmin/ampleadmin-html/plugins/images/assets/studio17.jpg]
[wrappixel.com/ampleadmin/ampleadmin-html/plugins/images/assets/landscape17.jpg]
[wrappixel.com/ampleadmin/ampleadmin-html/plugins/images/assets/studio18.jpg]
[wrappixel.com/ampleadmin/ampleadmin-html/plugins/images/assets/landscape18.jpg]
[wrappixel.com/ampleadmin/ampleadmin-html/plugins/images/assets/studio19.jpg]
[wrappixel.com/ampleadmin/ampleadmin-html/plugins/images/assets/studio20.jpg]
[wrappixel.com/ampleadmin/ampleadmin-html/plugins/images/assets/studio21.jpg]
[wrappixel.com/ampleadmin/ampleadmin-html/plugins/images/assets/studio22.jpg]
[wrappixel.com/ampleadmin/ampleadmin-html/plugins/images/assets/studio23.jpg]
[wrappixel.com/ampleadmin/ampleadmin-html/plugins/images/assets/studio24.jpg]
[wrappixel.com/ampleadmin/ampleadmin-html/plugins/bower_components/gallery/js/animated-masonry-gallery.js]
[wrappixel.com/ampleadmin/ampleadmin-html/plugins/bower_components/gallery/js/jquery.isotope.min.js]
[wrappixel.com/ampleadmin/ampleadmin-html/plugins/bower_components/fancybox/ekko-lightbox.min.js]
[wrappixel.com/ampleadmin/ampleadmin-html/ampleadmin-minimal/gallery.html]
[wrappixel.com/ampleadmin/ampleadmin-html/ampleadmin-minimal/pricing.html]
[wrappixel.com/ampleadmin/ampleadmin-html/ampleadmin-minimal/inbox.html]
[wrappixel.com/ampleadmin/ampleadmin-html/ampleadmin-minimal/js/chat.js]
[wrappixel.com/ampleadmin/ampleadmin-html/ampleadmin-minimal/chat.html]
[wrappixel.com/ampleadmin/ampleadmin-html/ampleadmin-minimal/inbox-detail.html]
[wrappixel.com/ampleadmin/ampleadmin-html/ampleadmin-minimal/compose.html]
[wrappixel.com/ampleadmin/ampleadmin-html/ampleadmin-minimal/contact.html]
[wrappixel.com/ampleadmin/ampleadmin-html/ampleadmin-minimal/contact2.html]
[wrappixel.com/ampleadmin/ampleadmin-html/ampleadmin-minimal/contact-detail.html]
[wrappixel.com/ampleadmin/ampleadmin-html/ampleadmin-minimal/forms.html]
[wrappixel.com/ampleadmin/ampleadmin-html/ampleadmin-minimal/tables.html]
[wrappixel.com/ampleadmin/ampleadmin-html/plugins/bower_components/chartist-js/dist/chartist-init.css]
[wrappixel.com/ampleadmin/ampleadmin-html/plugins/bower_components/chartist-js/dist/chartist-init.js]
[wrappixel.com/ampleadmin/ampleadmin-html/ampleadmin-minimal/chartist-js.html]
[wrappixel.com/ampleadmin/ampleadmin-html/plugins/images/weather-bg.jpg]
[wrappixel.com/ampleadmin/ampleadmin-html/ampleadmin-minimal/js/widget-ext.js]
[wrappixel.com/ampleadmin/ampleadmin-html/ampleadmin-minimal/widgets.html]
[wrappixel.com/ampleadmin/ampleadmin-html/ampleadmin-minimal/fontawesome.html]
[wrappixel.com/ampleadmin/ampleadmin-html/ampleadmin-minimal/themifyicon.html]
[wrappixel.com/ampleadmin/ampleadmin-html/ampleadmin-minimal/simple-line.html]
[wrappixel.com/ampleadmin/ampleadmin-html/ampleadmin-minimal/material-icons.html]
[wrappixel.com/ampleadmin/ampleadmin-html/ampleadmin-minimal/linea-icon.html]
[wrappixel.com/ampleadmin/ampleadmin-html/ampleadmin-minimal/weather.html]
[wrappixel.com/ampleadmin/ampleadmin-html/plugins/bower_components/gmaps/gmaps.min.js]
[wrappixel.com/ampleadmin/ampleadmin-html/plugins/bower_components/gmaps/jquery.gmaps.js]
[wrappixel.com/ampleadmin/ampleadmin-html/ampleadmin-minimal/map-google.html]
[wrappixel.com/ampleadmin/ampleadmin-html/plugins/bower_components/vectormap/jquery-jvectormap-uk-mill-en.js]
[wrappixel.com/ampleadmin/ampleadmin-html/plugins/bower_components/vectormap/jquery-jvectormap-au-mill.js]
[wrappixel.com/ampleadmin/ampleadmin-html/plugins/bower_components/vectormap/jvectormap.custom.js]
[wrappixel.com/ampleadmin/ampleadmin-html/ampleadmin-minimal/map-vector.html]
[wrappixel.com/ampleadmin/ampleadmin-html/plugins/bower_components/calendar/dist/jquery.fullcalendar.js]
[wrappixel.com/ampleadmin/ampleadmin-html/plugins/bower_components/calendar/jquery-ui.min.js]
[wrappixel.com/ampleadmin/ampleadmin-html/plugins/bower_components/calendar/dist/cal-init.js]
[wrappixel.com/ampleadmin/ampleadmin-html/ampleadmin-minimal/calendar.html]
[wrappixel.com/ampleadmin/ampleadmin-html/plugins/bower_components/calendar/dist/fullcalendar.min.js]
[wrappixel.com/ampleadmin/ampleadmin-html/plugins/images/docs/template-structure.jpg]
[wrappixel.com/ampleadmin/ampleadmin-html/plugins/images/docs/sidebar.jpg]
[wrappixel.com/ampleadmin/ampleadmin-html/plugins/images/docs/horizontal-menu.png]
[wrappixel.com/ampleadmin/ampleadmin-html/plugins/images/docs/starter-kit.jpg]
[wrappixel.com/ampleadmin/ampleadmin-html/ampleadmin-minimal/documentation.html]
[cdn.rawgit.com/google/code-prettify/master/loader/run_prettifyaf02.js]
[wrappixel.com/ampleadmin/ampleadmin-html/ampleadmin-minimal/bootstrap/dist/fonts/glyphicons-halflings-regular.eot]
[wrappixel.com/ampleadmin/ampleadmin-html/ampleadmin-minimal/bootstrap/dist/fonts/glyphicons-halflings-regular.woff]
[wrappixel.com/ampleadmin/ampleadmin-html/ampleadmin-minimal/bootstrap/dist/fonts/glyphicons-halflings-regular.ttf]
[wrappixel.com/ampleadmin/ampleadmin-html/ampleadmin-minimal/bootstrap/dist/css/bootstrap.min.css]
[wrappixel.com/ampleadmin/ampleadmin-html/ampleadmin-minimal/less/icons/font-awesome/fonts/fontawesome-webfont3295.html]
[wrappixel.com/ampleadmin/ampleadmin-html/ampleadmin-minimal/less/icons/font-awesome/fonts/fontawesome-webfont3295.svg]
[wrappixel.com/ampleadmin/ampleadmin-html/ampleadmin-minimal/less/icons/themify-icons/fonts/themify9f24.svg]
[wrappixel.com/ampleadmin/ampleadmin-html/ampleadmin-minimal/less/icons/font-awesome/fonts/fontawesome-webfont3295.eot]
[wrappixel.com/ampleadmin/ampleadmin-html/ampleadmin-minimal/less/icons/simple-line-icons/fonts/Simple-Line-Icons4c82.html]
[wrappixel.com/ampleadmin/ampleadmin-html/ampleadmin-minimal/less/icons/simple-line-icons/fonts/Simple-Line-Icons4c82.svg]
[wrappixel.com/ampleadmin/ampleadmin-html/ampleadmin-minimal/less/icons/weather-icons/font/weathericons-regular-webfont.html]
[wrappixel.com/ampleadmin/ampleadmin-html/ampleadmin-minimal/less/icons/weather-icons/font/weathericons-regular-webfont.svg]
[wrappixel.com/ampleadmin/ampleadmin-html/ampleadmin-minimal/less/icons/font-awesome/fonts/fontawesome-webfontd41d.eot]
[wrappixel.com/ampleadmin/ampleadmin-html/ampleadmin-minimal/less/icons/linea-icons/fonts/linea-arrows-10.svg]
[wrappixel.com/ampleadmin/ampleadmin-html/ampleadmin-minimal/less/icons/linea-icons/fonts/linea-basic-10.svg]
[wrappixel.com/ampleadmin/ampleadmin-html/ampleadmin-minimal/less/icons/linea-icons/fonts/linea-basic-elaboration-10.svg]
[wrappixel.com/ampleadmin/ampleadmin-html/ampleadmin-minimal/less/icons/linea-icons/fonts/linea-ecommerce-10.svg]
[wrappixel.com/ampleadmin/ampleadmin-html/ampleadmin-minimal/less/icons/linea-icons/fonts/linea-music-10.svg]
[wrappixel.com/ampleadmin/ampleadmin-html/ampleadmin-minimal/less/icons/linea-icons/fonts/linea-software-10.svg]
[wrappixel.com/ampleadmin/ampleadmin-html/ampleadmin-minimal/less/icons/linea-icons/fonts/linea-weather-10.svg]
[wrappixel.com/ampleadmin/ampleadmin-html/plugins/bower_components/bootstrap-datepicker/bootstrap-datepicker.min.css]
[wrappixel.com/ampleadmin/ampleadmin-html/plugins/bower_components/custom-select/select2.png]
[wrappixel.com/ampleadmin/ampleadmin-html/plugins/bower_components/custom-select/custom-select.css]
[wrappixel.com/ampleadmin/ampleadmin-html/plugins/bower_components/switchery/dist/switchery.min.css]
[wrappixel.com/ampleadmin/ampleadmin-html/plugins/bower_components/bootstrap-select/bootstrap-select.min.css]
[wrappixel.com/ampleadmin/ampleadmin-html/plugins/bower_components/bootstrap-tagsinput/dist/bootstrap-tagsinput.css]
[wrappixel.com/ampleadmin/ampleadmin-html/plugins/bower_components/bootstrap-touchspin/dist/jquery.bootstrap-touchspin.min.css]
[wrappixel.com/ampleadmin/ampleadmin-html/plugins/bower_components/multiselect/img/switch.png]
[wrappixel.com/ampleadmin/ampleadmin-html/plugins/bower_components/multiselect/css/multi-select.css]
[wrappixel.com/ampleadmin/ampleadmin-html/plugins/bower_components/dropify/dist/css/dropify.min.css]
[wrappixel.com/ampleadmin/ampleadmin-html/plugins/bower_components/cropper/cropper.min.css]
[wrappixel.com/ampleadmin/ampleadmin-html/ampleadmin-minimal/cropped.html]
[wrappixel.com/ampleadmin/ampleadmin-html/plugins/bower_components/dropzone-master/dist/dropzone.css]
[wrappixel.com/ampleadmin/ampleadmin-html/plugins/bower_components/clockpicker/dist/jquery-clockpicker.min.css]
[wrappixel.com/ampleadmin/ampleadmin-html/plugins/bower_components/jquery-asColorPicker-master/images/transparent.png]
[wrappixel.com/ampleadmin/ampleadmin-html/plugins/bower_components/jquery-asColorPicker-master/images/saturation.png]
[wrappixel.com/ampleadmin/ampleadmin-html/plugins/bower_components/jquery-asColorPicker-master/images/hue.png]
[wrappixel.com/ampleadmin/ampleadmin-html/plugins/bower_components/jquery-asColorPicker-master/images/alpha.png]
[wrappixel.com/ampleadmin/ampleadmin-html/plugins/bower_components/jquery-asColorPicker-master/css/asColorPicker.css]
[wrappixel.com/ampleadmin/ampleadmin-html/plugins/bower_components/timepicker/bootstrap-timepicker.min.css]
[wrappixel.com/ampleadmin/ampleadmin-html/plugins/bower_components/bootstrap-daterangepicker/daterangepicker.css]
[wrappixel.com/ampleadmin/ampleadmin-html/plugins/bower_components/sweetalert/sweetalert.css]
[wrappixel.com/ampleadmin/ampleadmin-html/plugins/bower_components/jquery-wizard-master/css/wizard.css]
[wrappixel.com/ampleadmin/ampleadmin-html/plugins/bower_components/jquery-wizard-master/libs/formvalidation/formValidation.min.css]
[wrappixel.com/ampleadmin/ampleadmin-html/plugins/bower_components/typeahead.js-master/dist/typehead-min.css]
[wrappixel.com/ampleadmin/ampleadmin-html/plugins/bower_components/x-editable/dist/bootstrap3-editable/img/loading.gif]
[wrappixel.com/ampleadmin/ampleadmin-html/plugins/bower_components/x-editable/dist/bootstrap3-editable/img/clear.png]
[wrappixel.com/ampleadmin/ampleadmin-html/plugins/bower_components/x-editable/dist/bootstrap3-editable/css/bootstrap-editable.css]
[wrappixel.com/ampleadmin/ampleadmin-html/plugins/bower_components/summernote/dist/summernote.css]
[wrappixel.com/ampleadmin/ampleadmin-html/plugins/bower_components/html5-editor/bootstrap-wysihtml5.css]
[wrappixel.com/ampleadmin/ampleadmin-html/plugins/bower_components/datatables/sort_both.png]
[wrappixel.com/ampleadmin/ampleadmin-html/plugins/bower_components/datatables/sort_asc.png]
[wrappixel.com/ampleadmin/ampleadmin-html/plugins/bower_components/datatables/sort_desc.png]
[wrappixel.com/ampleadmin/ampleadmin-html/plugins/bower_components/datatables/sort_asc_disabled.png]
[wrappixel.com/ampleadmin/ampleadmin-html/plugins/bower_components/datatables/sort_desc_disabled.png]
[wrappixel.com/ampleadmin/ampleadmin-html/plugins/bower_components/datatables/jquery.dataTables.min.css]
[cdn.datatables.net/buttons/1.2.2/css/buttons.dataTables.min.css]
[wrappixel.com/ampleadmin/ampleadmin-html/plugins/bower_components/bootstrap-table/dist/bootstrap-table.min.css]
[wrappixel.com/ampleadmin/ampleadmin-html/plugins/bower_components/tablesaw-master/dist/tablesaw.css]
[wrappixel.com/ampleadmin/ampleadmin-html/plugins/bower_components/jquery-datatables-editable/datatables.css]
[wrappixel.com/ampleadmin/ampleadmin-html/plugins/bower_components/footable/css/fonts/footable.eot]
[wrappixel.com/ampleadmin/ampleadmin-html/plugins/bower_components/footable/css/fonts/footabled41d.eot]
[wrappixel.com/ampleadmin/ampleadmin-html/plugins/bower_components/footable/css/fonts/footable.woff]
[wrappixel.com/ampleadmin/ampleadmin-html/plugins/bower_components/footable/css/fonts/footable.ttf]
[wrappixel.com/ampleadmin/ampleadmin-html/plugins/bower_components/footable/css/footable.core.css]
[wrappixel.com/ampleadmin/ampleadmin-html/plugins/bower_components/jsgrid/dist/jsgrid.min.css]
[wrappixel.com/ampleadmin/ampleadmin-html/plugins/bower_components/jsgrid/dist/jsgrid-theme.min.css]
[wrappixel.com/ampleadmin/ampleadmin-html/plugins/bower_components/css-chart/css-chart.css]
[wrappixel.com/ampleadmin/ampleadmin-html/plugins/bower_components/Minimal-Gauge-chart/css/cmGauge.css]
[wrappixel.com/ampleadmin/ampleadmin-html/plugins/bower_components/vectormap/jquery-jvectormap-2.0.2.css]
[wrappixel.com/ampleadmin/ampleadmin-html/plugins/bower_components/owl.carousel/owl.carousel.min.css]
[wrappixel.com/ampleadmin/ampleadmin-html/plugins/bower_components/owl.carousel/owl.theme.default.css]
[wrappixel.com/ampleadmin/ampleadmin-html/plugins/bower_components/Magnific-Popup-master/dist/magnific-popup.css]
[wrappixel.com/ampleadmin/ampleadmin-html/plugins/bower_components/horizontal-timeline/css/horizontal-timeline.css]
[wrappixel.com/ampleadmin/ampleadmin-html/plugins/bower_components/nestable/nestable.css]
[wrappixel.com/ampleadmin/ampleadmin-html/plugins/bower_components/ion-rangeslider/css/ion.rangeSlider.css]
[wrappixel.com/ampleadmin/ampleadmin-html/plugins/bower_components/ion-rangeslider/img/sprite-skin-modern.png]
[wrappixel.com/ampleadmin/ampleadmin-html/plugins/bower_components/ion-rangeslider/css/ion.rangeSlider.skinModern.css]
[wrappixel.com/ampleadmin/ampleadmin-html/ampleadmin-minimal/css/colors/blue.css]
[wrappixel.com/ampleadmin/ampleadmin-html/plugins/bower_components/register-steps/steps.css]
[wrappixel.com/ampleadmin/ampleadmin-html/ampleadmin-minimal/www.youtube.com/watch7d1c.html]
[wrappixel.com/ampleadmin/ampleadmin-html/plugins/bower_components/gallery/css/animated-masonry-gallery.css]
[wrappixel.com/ampleadmin/ampleadmin-html/plugins/bower_components/fancybox/ekko-lightbox.min.css]
[wrappixel.com/ampleadmin/ampleadmin-html/plugins/bower_components/chartist-js/dist/chartist-init.css]
[wrappixel.com/ampleadmin/ampleadmin-html/ampleadmin-minimal/bootstrap/dist/fonts/glyphicons-halflings-regular.html]
[wrappixel.com/ampleadmin/ampleadmin-html/ampleadmin-minimal/bootstrap/dist/fonts/glyphicons-halflings-regular.svg]
[wrappixel.com/ampleadmin/ampleadmin-html/plugins/bower_components/custom-select/select2-spinner.html]
[wrappixel.com/ampleadmin/ampleadmin-html/plugins/bower_components/custom-select/select2x2.html]
[wrappixel.com/ampleadmin/ampleadmin-html/plugins/bower_components/footable/css/fonts/footable.svg]
[wrappixel.com/ampleadmin/ampleadmin-html/plugins/bower_components/owl.carousel/owl.video.play.html]
[wrappixel.com/ampleadmin/ampleadmin-html/ampleadmin-minimal/bootstrap/dist/fonts/glyphicons-halflings-regulard41d.eot]
[wrappixel.com/ampleadmin/ampleadmin-html/plugins/images/users/john.jpg]
[wrappixel.com/ampleadmin/ampleadmin-html/plugins/bower_components/jquery/dist/jquery.min.js]
